ERROR on proc 0: Cannot open input script in.melt: No such file or directory (src/lammps.cpp:521)
Last command: (unknown)
--------------------------------------------------------------------------
MPI_ABORT was invoked on rank 0 in communicator MPI_COMM_WORLD
with errorcode 1.

NOTE: invoking MPI_ABORT causes Open MPI to kill all MPI processes.
You may or may not see output from other processes, depending on
exactly when Open MPI kills them.
--------------------------------------------------------------------------
LAMMPS (15 Sep 2022)
OMP_NUM_THREADS environment is not set. Defaulting to 1 thread. (src/comm.cpp:98)
  using 1 OpenMP thread(s) per MPI task
ERROR: Expected floating point parameter instead of '{0.5..1.1}' in input script or data file (src/lattice.cpp:85)
Last command: lattice         sq ${density}
--------------------------------------------------------------------------
Primary job  terminated normally, but 1 process returned
a non-zero exit code. Per user-direction, the job has been aborted.
--------------------------------------------------------------------------
--------------------------------------------------------------------------
mpirun detected that one or more processes exited with non-zero status, thus causing
the job to be terminated. The first process to do so was:

  Process name: [[3639,1],4]
  Exit code:    1
--------------------------------------------------------------------------
